---
source: tests/test_kernel.rs
expression: output.to_string()
---
100
